// Jest Snapshot v1, https://goo.gl/fbAQLP

exports[`character component renders a character 1`] = `
<section>
  <img
    src="test url"
  />
  <p>
     
    test name
  </p>
</section>
`;
